[kotlis.kwst.net/light/index.html]
[backblue.gif]
[fade.gif]
[index.html]
[kotlis.kwst.net/light/css/plugins.css]
[kotlis.kwst.net/light/css/style.css]
[kotlis.kwst.net/light/images/favicon.ico]
[kotlis.kwst.net/light/images/logo.png]
[kotlis.kwst.net/light/index2.html]
[kotlis.kwst.net/light/index3.html]
[kotlis.kwst.net/light/index4.html]
[kotlis.kwst.net/light/index5.html]
[kotlis.kwst.net/light/index6.html]
[kotlis.kwst.net/light/index7.html]
[kotlis.kwst.net/light/portfolio.html]
[kotlis.kwst.net/light/portfolio2.html]
[kotlis.kwst.net/light/portfolio3.html]
[kotlis.kwst.net/light/portfolio4.html]
[kotlis.kwst.net/light/portfolio5.html]
[kotlis.kwst.net/light/portfolio6.html]
[kotlis.kwst.net/light/portfolio-single.html]
[kotlis.kwst.net/light/portfolio-single2.html]
[kotlis.kwst.net/light/portfolio-single3.html]
[kotlis.kwst.net/light/portfolio-single4.html]
[kotlis.kwst.net/light/about.html]
[kotlis.kwst.net/light/blog.html]
[kotlis.kwst.net/light/contacts.html]
[kotlis.kwst.net/light/images/bg/14.jpg]
[kotlis.kwst.net/light/images/bg/2.jpg]
[kotlis.kwst.net/light/images/bg/11.jpg]
[kotlis.kwst.net/light/images/bg/3.jpg]
[kotlis.kwst.net/light/images/bg/5.jpg]
[kotlis.kwst.net/light/images/bg/9.jpg]
[kotlis.kwst.net/light/images/bg/7.jpg]
[kotlis.kwst.net/light/js/jquery.min.js]
[kotlis.kwst.net/light/js/scripts.js]
[kotlis.kwst.net/light/index.html]
[kotlis.kwst.net/light/css/reset.css]
[kotlis.kwst.net/light/fonts/fa-brands-400.eot]
[kotlis.kwst.net/light/js/plugins.js]
[kotlis.kwst.net/light/fonts/fa-brands-400.woff2]
[kotlis.kwst.net/light/fonts/fa-brands-400d41d.eot]
[kotlis.kwst.net/light/fonts/fa-brands-400.woff]
[kotlis.kwst.net/light/fonts/fa-brands-400.ttf]
[kotlis.kwst.net/light/fonts/fa-light-300.eot]
[kotlis.kwst.net/light/fonts/fa-brands-400.svg]
[kotlis.kwst.net/light/fonts/fa-light-300.woff2]
[kotlis.kwst.net/light/fonts/fa-light-300d41d.eot]
[kotlis.kwst.net/light/fonts/fa-light-300.woff]
[kotlis.kwst.net/light/fonts/fa-light-300.ttf]
[kotlis.kwst.net/light/fonts/fa-regular-400.eot]
[kotlis.kwst.net/light/fonts/fa-light-300.svg]
[kotlis.kwst.net/light/fonts/fa-regular-400.woff2]
[kotlis.kwst.net/light/fonts/fa-regular-400d41d.eot]
[kotlis.kwst.net/light/fonts/fa-regular-400.woff]
[kotlis.kwst.net/light/fonts/fa-regular-400.ttf]
[kotlis.kwst.net/light/fonts/fa-solid-900.eot]
[kotlis.kwst.net/light/fonts/fa-solid-900d41d.eot]
[kotlis.kwst.net/light/fonts/fa-regular-400.svg]
[kotlis.kwst.net/light/fonts/fa-solid-900.woff2]
[kotlis.kwst.net/light/fonts/fa-solid-900.woff]
[kotlis.kwst.net/light/fonts/fa-solid-900.ttf]
[kotlis.kwst.net/light/fonts/lgd641.eot]
[kotlis.kwst.net/light/fonts/lgd41d.eot]
[kotlis.kwst.net/light/fonts/lgd641.woff]
[kotlis.kwst.net/light/fonts/lgd641.ttf]
[kotlis.kwst.net/light/fonts/lgd641.svg]
[kotlis.kwst.net/light/images/loading.gif]
[kotlis.kwst.net/light/css/plugins.css]
[kotlis.kwst.net/light/css/style.css]
[kotlis.kwst.net/light/images/bg/25.jpg]
[kotlis.kwst.net/light/fonts/fa-solid-900.svg]
[kotlis.kwst.net/light/images/bg/10.jpg]
[kotlis.kwst.net/light/index2.html]
[kotlis.kwst.net/light/images/bg/8.jpg]
[kotlis.kwst.net/light/images/bg/1.jpg]
[kotlis.kwst.net/light/images/bg/15.jpg]
[kotlis.kwst.net/light/images/bg/6.jpg]
[kotlis.kwst.net/light/images/bg/13.jpg]
[kotlis.kwst.net/light/images/bg/16.jpg]
[kotlis.kwst.net/light/index3.html]
[kotlis.kwst.net/light/images/bg/12.jpg]
[kotlis.kwst.net/light/index4.html]
[kotlis.kwst.net/light/index5.html]
[kotlis.kwst.net/light/images/bg/23.jpg]
[kotlis.kwst.net/light/index6.html]
[kotlis.kwst.net/light/index7.html]
[kotlis.kwst.net/light/images/folio/1.jpg]
[kotlis.kwst.net/light/images/folio/4.jpg]
[kotlis.kwst.net/light/images/folio/2.jpg]
[kotlis.kwst.net/light/images/folio/15.jpg]
[kotlis.kwst.net/light/images/folio/5.jpg]
[kotlis.kwst.net/light/images/folio/6.jpg]
[kotlis.kwst.net/light/images/folio/7.jpg]
[kotlis.kwst.net/light/images/folio/16.jpg]
[kotlis.kwst.net/light/images/folio/9.jpg]
[kotlis.kwst.net/light/images/folio/10.jpg]
[kotlis.kwst.net/light/images/folio/11.jpg]
[kotlis.kwst.net/light/images/folio/14.jpg]
[kotlis.kwst.net/light/portfolio.html]
[kotlis.kwst.net/light/images/folio/19.jpg]
[kotlis.kwst.net/light/images/folio/3.jpg]
[kotlis.kwst.net/light/images/folio/12.jpg]
[kotlis.kwst.net/light/images/folio/20.jpg]
[kotlis.kwst.net/light/images/folio/13.jpg]
[kotlis.kwst.net/light/images/folio/18.jpg]
[kotlis.kwst.net/light/images/folio/8.jpg]
[kotlis.kwst.net/light/images/folio/17.jpg]
[kotlis.kwst.net/light/portfolio2.html]
[kotlis.kwst.net/light/portfolio3.html]
[kotlis.kwst.net/light/images/folio/24.jpg]
[kotlis.kwst.net/light/images/folio/27.jpg]
[kotlis.kwst.net/light/images/folio/25.jpg]
[kotlis.kwst.net/light/images/folio/21.jpg]
[kotlis.kwst.net/light/images/folio/22.jpg]
[kotlis.kwst.net/light/portfolio4.html]
[kotlis.kwst.net/light/images/folio/23.jpg]
[kotlis.kwst.net/light/portfolio5.html]
[kotlis.kwst.net/light/images/bg/27.jpg]
[kotlis.kwst.net/light/portfolio6.html]
[kotlis.kwst.net/light/portfolio-single.html]
[kotlis.kwst.net/light/portfolio-single2.html]
[kotlis.kwst.net/light/blog-single.html]
[kotlis.kwst.net/light/portfolio-single3.html]
[kotlis.kwst.net/light/images/bg/18.jpg]
[kotlis.kwst.net/light/portfolio-single4.html]
[kotlis.kwst.net/light/images/bg/19.jpg]
[kotlis.kwst.net/light/images/services/1.jpg]
[kotlis.kwst.net/light/images/services/2.jpg]
[kotlis.kwst.net/light/images/avatar/1.jpg]
[kotlis.kwst.net/light/images/avatar/2.jpg]
[kotlis.kwst.net/light/images/avatar/3.jpg]
[kotlis.kwst.net/light/images/avatar/4.jpg]
[kotlis.kwst.net/light/about.html]
[kotlis.kwst.net/light/images/bg/22.jpg]
[kotlis.kwst.net/light/blog.html]
[kotlis.kwst.net/light/js/map.js]
[kotlis.kwst.net/light/contacts.html]
[kotlis.kwst.net/light/fonts/fa-brands-400.svg]
[kotlis.kwst.net/light/fonts/fa-light-300.svg]
[kotlis.kwst.net/light/fonts/fa-regular-400.svg]
[kotlis.kwst.net/light/fonts/fa-solid-900.svg]
[kotlis.kwst.net/light/fonts/lgd641.svg]
[kotlis.kwst.net/light/img/vimeo-play.html]
[kotlis.kwst.net/light/img/video-play.html]
[kotlis.kwst.net/light/img/youtube-play.html]
[kotlis.kwst.net/light/images/bg/20.jpg]
[kotlis.kwst.net/light/blog-single.html]
